---
source: cytoscnpy/tests/output_snapshot_test.rs
assertion_line: 142
expression: output
---
::warning file=[FILE],line=5,col=5,title=UnusedFunction::Unused identifier '[MOD].unused_func' in [FILE]:5
::warning file=[FILE],line=2,col=8,title=UnusedImport::Unused identifier '[MOD].os' in [FILE]:2
::warning file=[FILE],line=3,col=8,title=UnusedImport::Unused identifier '[MOD].sys' in [FILE]:3
::warning file=[FILE],line=9,col=5,title=UnusedVariable::Unused identifier '[MOD].main.unused_var' in [FILE]:9
