---
source: cytoscnpy/tests/output_snapshot_test.rs
assertion_line: 135
expression: output
---
<?xml version="1.0" encoding="UTF-8"?>
<testsuites>
  <testsuite name="CytoScnPy" tests="4" failures="4" errors="0">
    <testcase name="UnusedFunction" classname="[FILE]">
      <failure message="Unused: [MOD].unused_func">Line 5: Unused UnusedFunction '[MOD].unused_func' ([FILE]:5)</failure>
    </testcase>
    <testcase name="UnusedImport" classname="[FILE]">
      <failure message="Unused: [MOD].os">Line 2: Unused UnusedImport '[MOD].os' ([FILE]:2)</failure>
    </testcase>
    <testcase name="UnusedImport" classname="[FILE]">
      <failure message="Unused: [MOD].sys">Line 3: Unused UnusedImport '[MOD].sys' ([FILE]:3)</failure>
    </testcase>
    <testcase name="UnusedVariable" classname="[FILE]">
      <failure message="Unused: [MOD].main.unused_var">Line 9: Unused UnusedVariable '[MOD].main.unused_var' ([FILE]:9)</failure>
    </testcase>
  </testsuite>
</testsuites>
