---
source: cytoscnpy/tests/output_snapshot_test.rs
assertion_line: 149
expression: output
---
[
  {
    "check_name": "func",
    "description": "Unused function: [MOD].unused_func ([FILE]:5)",
    "fingerprint": "unused-func-[MOD].unused_func-[FILE]-5",
    "location": {
      "lines": {
        "begin": 5
      },
      "path": "[FILE]"
    },
    "severity": "minor"
  },
  {
    "check_name": "import",
    "description": "Unused import: [MOD].os ([FILE]:2)",
    "fingerprint": "unused-import-[MOD].os-[FILE]-2",
    "location": {
      "lines": {
        "begin": 2
      },
      "path": "[FILE]"
    },
    "severity": "info"
  },
  {
    "check_name": "import",
    "description": "Unused import: [MOD].sys ([FILE]:3)",
    "fingerprint": "unused-import-[MOD].sys-[FILE]-3",
    "location": {
      "lines": {
        "begin": 3
      },
      "path": "[FILE]"
    },
    "severity": "info"
  },
  {
    "check_name": "var",
    "description": "Unused variable: [MOD].main.unused_var ([FILE]:9)",
    "fingerprint": "unused-var-[MOD].main.unused_var-[FILE]-9",
    "location": {
      "lines": {
        "begin": 9
      },
      "path": "[FILE]"
    },
    "severity": "info"
  }
]
